// Jest Snapshot v1, https://goo.gl/fbAQLP

exports[`Remove all pins and make a new current 1`] = `
Object {
  "children": Array [
    Object {
      "children": Array [
        Object {
          "children": Array [
            Object {
              "children": Array [],
              "data": Object {
                "filter": "c",
                "finding": Object {
                  "search": Object {
                    "pins": Array [
                      "a",
                      "b",
                    ],
                    "program": "c",
                    "spaceId": "defaultId",
                    "spaceName": "default",
                    "spanArgs": Array [
                      Object {
                        "ns": 1000000,
                        "sec": 0,
                      },
                      Object {
                        "ns": 2000000,
                        "sec": 0,
                      },
                    ],
                    "target": "events",
                  },
                  "ts": Object {
                    "ns": 0,
                    "sec": 0,
                  },
                },
              },
            },
            Object {
              "children": Array [],
              "data": Object {
                "filter": "d",
                "finding": Object {
                  "search": Object {
                    "pins": Array [
                      "a",
                      "b",
                    ],
                    "program": "d",
                    "spaceId": "defaultId",
                    "spaceName": "default",
                    "spanArgs": Array [
                      Object {
                        "ns": 1000000,
                        "sec": 0,
                      },
                      Object {
                        "ns": 2000000,
                        "sec": 0,
                      },
                    ],
                    "target": "events",
                  },
                  "ts": Object {
                    "ns": 0,
                    "sec": 0,
                  },
                },
              },
            },
          ],
          "data": Object {
            "filter": "b",
            "finding": Object {
              "search": Object {
                "pins": Array [
                  "a",
                  "b",
                ],
                "program": "c",
                "spaceId": "defaultId",
                "spaceName": "default",
                "spanArgs": Array [
                  Object {
                    "ns": 1000000,
                    "sec": 0,
                  },
                  Object {
                    "ns": 2000000,
                    "sec": 0,
                  },
                ],
                "target": "events",
              },
              "ts": Object {
                "ns": 0,
                "sec": 0,
              },
            },
          },
        },
        Object {
          "children": Array [],
          "data": Object {
            "filter": "d",
            "finding": Object {
              "search": Object {
                "pins": Array [
                  "a",
                ],
                "program": "d",
                "spaceId": "defaultId",
                "spaceName": "default",
                "spanArgs": Array [
                  Object {
                    "ns": 1000000,
                    "sec": 0,
                  },
                  Object {
                    "ns": 2000000,
                    "sec": 0,
                  },
                ],
                "target": "events",
              },
              "ts": Object {
                "ns": 0,
                "sec": 0,
              },
            },
          },
        },
      ],
      "data": Object {
        "filter": "a",
        "finding": Object {
          "search": Object {
            "pins": Array [
              "a",
              "b",
            ],
            "program": "c",
            "spaceId": "defaultId",
            "spaceName": "default",
            "spanArgs": Array [
              Object {
                "ns": 1000000,
                "sec": 0,
              },
              Object {
                "ns": 2000000,
                "sec": 0,
              },
            ],
            "target": "events",
          },
          "ts": Object {
            "ns": 0,
            "sec": 0,
          },
        },
      },
    },
    Object {
      "children": Array [],
      "data": Object {
        "filter": "e",
        "finding": Object {
          "search": Object {
            "pins": Array [],
            "program": "e",
            "spaceId": "defaultId",
            "spaceName": "default",
            "spanArgs": Array [
              Object {
                "ns": 1000000,
                "sec": 0,
              },
              Object {
                "ns": 2000000,
                "sec": 0,
              },
            ],
            "target": "events",
          },
          "ts": Object {
            "ns": 0,
            "sec": 0,
          },
        },
      },
    },
  ],
  "data": "ROOT",
}
`;
