// Jest Snapshot v1, https://goo.gl/fbAQLP

exports[`Ingest tests ingest of sample.ndjson 1`] = `
Array [
  "ts",
  "id.orig_h",
  "id.orig_p",
  "id.resp_h",
  "id.resp_p",
  "proto",
  "2020-02-25T16:03:05Z",
  "192.168.1.110",
  "56625",
  "172.217.9.142",
  "443",
  "tcp",
  "2020-02-25T16:03:06Z",
  "192.168.1.110",
  "57591",
  "172.217.9.142",
  "443",
  "tcp",
  "2020-02-25T16:03:07Z",
  "192.168.1.110",
  "55635",
  "18.246.31.137",
  "443",
  "tcp",
  "2020-02-25T16:03:07Z",
  "192.168.1.110",
  "55747",
  "13.52.5.22",
  "443",
  "tcp",
  "2020-02-25T16:03:08Z",
  "192.168.1.110",
  "55344",
  "52.37.243.173",
  "443",
  "tcp",
  "2020-02-25T16:03:08Z",
  "192.168.1.110",
  "55346",
  "52.37.243.173",
  "443",
  "tcp",
  "2020-02-25T16:03:08Z",
  "192.168.1.110",
  "57326",
  "173.194.201.189",
  "443",
  "tcp",
  "2020-02-25T16:03:08Z",
  "192.168.1.110",
  "57487",
  "192.30.253.125",
  "443",
  "tcp",
  "2020-02-25T16:03:08Z",
  "192.168.1.110",
  "55354",
  "52.37.243.173",
  "443",
  "tcp",
  "2020-02-25T16:03:10Z",
  "192.168.1.110",
  "57332",
  "64.233.179.189",
  "443",
  "tcp",
  "2020-02-25T16:03:10Z",
  "192.168.1.110",
  "55351",
  "18.205.93.211",
  "443",
  "tcp",
  "2020-02-25T16:03:12Z",
  "192.168.1.110",
  "57635",
  "17.125.252.5",
  "443",
  "tcp",
  "2020-02-25T16:03:13Z",
  "192.168.1.110",
  "57640",
  "209.216.230.240",
  "443",
  "tcp",
  "2020-02-25T16:03:15Z",
  "192.168.1.110",
  "57572",
  "172.217.6.138",
  "443",
  "tcp",
  "2020-02-25T16:03:15Z",
  "192.168.1.110",
  "57540",
  "172.217.1.138",
  "443",
  "tcp",
]
`;

exports[`Ingest tests ingest of sample.pcap 1`] = `
Array [
  "ts",
  "id.orig_h",
  "id.orig_p",
  "id.resp_h",
  "id.resp_p",
  "proto",
  "2020-02-25T16:03:05Z",
  "192.168.1.110",
  "56625",
  "172.217.9.142",
  "443",
  "tcp",
  "2020-02-25T16:03:06Z",
  "192.168.1.110",
  "57591",
  "172.217.9.142",
  "443",
  "tcp",
  "2020-02-25T16:03:07Z",
  "192.168.1.110",
  "55635",
  "18.246.31.137",
  "443",
  "tcp",
  "2020-02-25T16:03:07Z",
  "192.168.1.110",
  "55747",
  "13.52.5.22",
  "443",
  "tcp",
  "2020-02-25T16:03:08Z",
  "192.168.1.110",
  "55344",
  "52.37.243.173",
  "443",
  "tcp",
  "2020-02-25T16:03:08Z",
  "192.168.1.110",
  "55346",
  "52.37.243.173",
  "443",
  "tcp",
  "2020-02-25T16:03:08Z",
  "192.168.1.110",
  "57326",
  "173.194.201.189",
  "443",
  "tcp",
  "2020-02-25T16:03:08Z",
  "192.168.1.110",
  "57487",
  "192.30.253.125",
  "443",
  "tcp",
  "2020-02-25T16:03:08Z",
  "192.168.1.110",
  "55354",
  "52.37.243.173",
  "443",
  "tcp",
  "2020-02-25T16:03:10Z",
  "192.168.1.110",
  "57332",
  "64.233.179.189",
  "443",
  "tcp",
  "2020-02-25T16:03:10Z",
  "192.168.1.110",
  "55351",
  "18.205.93.211",
  "443",
  "tcp",
  "2020-02-25T16:03:12Z",
  "192.168.1.110",
  "57635",
  "17.125.252.5",
  "443",
  "tcp",
  "2020-02-25T16:03:13Z",
  "192.168.1.110",
  "57640",
  "209.216.230.240",
  "443",
  "tcp",
  "2020-02-25T16:03:15Z",
  "192.168.1.110",
  "57572",
  "172.217.6.138",
  "443",
  "tcp",
  "2020-02-25T16:03:15Z",
  "192.168.1.110",
  "57540",
  "172.217.1.138",
  "443",
  "tcp",
]
`;

exports[`Ingest tests ingest of sample.pcapng 1`] = `
Array [
  "ts",
  "id.orig_h",
  "id.orig_p",
  "id.resp_h",
  "id.resp_p",
  "proto",
  "2020-02-25T16:03:05Z",
  "192.168.1.110",
  "56625",
  "172.217.9.142",
  "443",
  "tcp",
  "2020-02-25T16:03:06Z",
  "192.168.1.110",
  "57591",
  "172.217.9.142",
  "443",
  "tcp",
  "2020-02-25T16:03:07Z",
  "192.168.1.110",
  "55635",
  "18.246.31.137",
  "443",
  "tcp",
  "2020-02-25T16:03:07Z",
  "192.168.1.110",
  "55747",
  "13.52.5.22",
  "443",
  "tcp",
  "2020-02-25T16:03:08Z",
  "192.168.1.110",
  "55344",
  "52.37.243.173",
  "443",
  "tcp",
  "2020-02-25T16:03:08Z",
  "192.168.1.110",
  "55346",
  "52.37.243.173",
  "443",
  "tcp",
  "2020-02-25T16:03:08Z",
  "192.168.1.110",
  "57326",
  "173.194.201.189",
  "443",
  "tcp",
  "2020-02-25T16:03:08Z",
  "192.168.1.110",
  "57487",
  "192.30.253.125",
  "443",
  "tcp",
  "2020-02-25T16:03:08Z",
  "192.168.1.110",
  "55354",
  "52.37.243.173",
  "443",
  "tcp",
  "2020-02-25T16:03:10Z",
  "192.168.1.110",
  "57332",
  "64.233.179.189",
  "443",
  "tcp",
  "2020-02-25T16:03:10Z",
  "192.168.1.110",
  "55351",
  "18.205.93.211",
  "443",
  "tcp",
  "2020-02-25T16:03:12Z",
  "192.168.1.110",
  "57635",
  "17.125.252.5",
  "443",
  "tcp",
  "2020-02-25T16:03:13Z",
  "192.168.1.110",
  "57640",
  "209.216.230.240",
  "443",
  "tcp",
  "2020-02-25T16:03:15Z",
  "192.168.1.110",
  "57572",
  "172.217.6.138",
  "443",
  "tcp",
  "2020-02-25T16:03:15Z",
  "192.168.1.110",
  "57540",
  "172.217.1.138",
  "443",
  "tcp",
]
`;

exports[`Ingest tests ingest of sample.tsv 1`] = `
Array [
  "ts",
  "id.orig_h",
  "id.orig_p",
  "id.resp_h",
  "id.resp_p",
  "proto",
  "2020-02-25T16:03:05Z",
  "192.168.1.110",
  "56625",
  "172.217.9.142",
  "443",
  "tcp",
  "2020-02-25T16:03:06Z",
  "192.168.1.110",
  "57591",
  "172.217.9.142",
  "443",
  "tcp",
  "2020-02-25T16:03:07Z",
  "192.168.1.110",
  "55635",
  "18.246.31.137",
  "443",
  "tcp",
  "2020-02-25T16:03:07Z",
  "192.168.1.110",
  "55747",
  "13.52.5.22",
  "443",
  "tcp",
  "2020-02-25T16:03:08Z",
  "192.168.1.110",
  "55344",
  "52.37.243.173",
  "443",
  "tcp",
  "2020-02-25T16:03:08Z",
  "192.168.1.110",
  "55346",
  "52.37.243.173",
  "443",
  "tcp",
  "2020-02-25T16:03:08Z",
  "192.168.1.110",
  "57326",
  "173.194.201.189",
  "443",
  "tcp",
  "2020-02-25T16:03:08Z",
  "192.168.1.110",
  "57487",
  "192.30.253.125",
  "443",
  "tcp",
  "2020-02-25T16:03:08Z",
  "192.168.1.110",
  "55354",
  "52.37.243.173",
  "443",
  "tcp",
  "2020-02-25T16:03:10Z",
  "192.168.1.110",
  "57332",
  "64.233.179.189",
  "443",
  "tcp",
  "2020-02-25T16:03:10Z",
  "192.168.1.110",
  "55351",
  "18.205.93.211",
  "443",
  "tcp",
  "2020-02-25T16:03:12Z",
  "192.168.1.110",
  "57635",
  "17.125.252.5",
  "443",
  "tcp",
  "2020-02-25T16:03:13Z",
  "192.168.1.110",
  "57640",
  "209.216.230.240",
  "443",
  "tcp",
  "2020-02-25T16:03:15Z",
  "192.168.1.110",
  "57572",
  "172.217.6.138",
  "443",
  "tcp",
  "2020-02-25T16:03:15Z",
  "192.168.1.110",
  "57540",
  "172.217.1.138",
  "443",
  "tcp",
]
`;

exports[`Ingest tests ingest of sample.zng 1`] = `
Array [
  "ts",
  "id.orig_h",
  "id.orig_p",
  "id.resp_h",
  "id.resp_p",
  "proto",
  "2020-02-25T16:03:05Z",
  "192.168.1.110",
  "56625",
  "172.217.9.142",
  "443",
  "tcp",
  "2020-02-25T16:03:06Z",
  "192.168.1.110",
  "57591",
  "172.217.9.142",
  "443",
  "tcp",
  "2020-02-25T16:03:07Z",
  "192.168.1.110",
  "55635",
  "18.246.31.137",
  "443",
  "tcp",
  "2020-02-25T16:03:07Z",
  "192.168.1.110",
  "55747",
  "13.52.5.22",
  "443",
  "tcp",
  "2020-02-25T16:03:08Z",
  "192.168.1.110",
  "55344",
  "52.37.243.173",
  "443",
  "tcp",
  "2020-02-25T16:03:08Z",
  "192.168.1.110",
  "55346",
  "52.37.243.173",
  "443",
  "tcp",
  "2020-02-25T16:03:08Z",
  "192.168.1.110",
  "57326",
  "173.194.201.189",
  "443",
  "tcp",
  "2020-02-25T16:03:08Z",
  "192.168.1.110",
  "57487",
  "192.30.253.125",
  "443",
  "tcp",
  "2020-02-25T16:03:08Z",
  "192.168.1.110",
  "55354",
  "52.37.243.173",
  "443",
  "tcp",
  "2020-02-25T16:03:10Z",
  "192.168.1.110",
  "57332",
  "64.233.179.189",
  "443",
  "tcp",
  "2020-02-25T16:03:10Z",
  "192.168.1.110",
  "55351",
  "18.205.93.211",
  "443",
  "tcp",
  "2020-02-25T16:03:12Z",
  "192.168.1.110",
  "57635",
  "17.125.252.5",
  "443",
  "tcp",
  "2020-02-25T16:03:13Z",
  "192.168.1.110",
  "57640",
  "209.216.230.240",
  "443",
  "tcp",
  "2020-02-25T16:03:15Z",
  "192.168.1.110",
  "57572",
  "172.217.6.138",
  "443",
  "tcp",
  "2020-02-25T16:03:15Z",
  "192.168.1.110",
  "57540",
  "172.217.1.138",
  "443",
  "tcp",
]
`;
