// Jest Snapshot v1, https://goo.gl/fbAQLP

exports[`Preferences Modal Tests setting a custom json type config 1`] = `
Array [
  "ts",
  "src_ip",
  "src_port",
  "dst_ip",
  "dst_port",
  "proto",
  "2020-02-25T16:03:05Z",
  "192.168.1.110",
  "56625",
  "172.217.9.142",
  "443",
  "tcp",
  "2020-02-25T16:03:06Z",
  "192.168.1.110",
  "57591",
  "172.217.9.142",
  "443",
  "tcp",
  "2020-02-25T16:03:07Z",
  "192.168.1.110",
  "55635",
  "18.246.31.137",
  "443",
  "tcp",
  "2020-02-25T16:03:07Z",
  "192.168.1.110",
  "55747",
  "13.52.5.22",
  "443",
  "tcp",
  "2020-02-25T16:03:08Z",
  "192.168.1.110",
  "55344",
  "52.37.243.173",
  "443",
  "tcp",
  "2020-02-25T16:03:08Z",
  "192.168.1.110",
  "55346",
  "52.37.243.173",
  "443",
  "tcp",
  "2020-02-25T16:03:08Z",
  "192.168.1.110",
  "57326",
  "173.194.201.189",
  "443",
  "tcp",
  "2020-02-25T16:03:08Z",
  "192.168.1.110",
  "57487",
  "192.30.253.125",
  "443",
  "tcp",
  "2020-02-25T16:03:08Z",
  "192.168.1.110",
  "55354",
  "52.37.243.173",
  "443",
  "tcp",
  "2020-02-25T16:03:10Z",
  "192.168.1.110",
  "57332",
  "64.233.179.189",
  "443",
  "tcp",
]
`;
